[INFO] Scanning for projects...
[INFO] 
[INFO] -------------------< com.coagent4u:messaging-module >-------------------
[INFO] Building CoAgent4U :: Integration :: Messaging Module 0.1.0-SNAPSHOT
[INFO]   from pom.xml
[INFO] --------------------------------[ jar ]---------------------------------
[INFO] 
[INFO] --- enforcer:3.5.0:enforce (enforce-versions) @ messaging-module ---
[INFO] Rule 0: org.apache.maven.enforcer.rules.version.RequireMavenVersion passed
[INFO] Rule 1: org.apache.maven.enforcer.rules.version.RequireJavaVersion passed
[INFO] 
[INFO] --- resources:3.3.1:resources (default-resources) @ messaging-module ---
[INFO] skip non existing resourceDirectory E:\CoAgent4U\integration\messaging-module\src\main\resources
[INFO] skip non existing resourceDirectory E:\CoAgent4U\integration\messaging-module\src\main\resources
[INFO] 
[INFO] --- compiler:3.13.0:compile (default-compile) @ messaging-module ---
[INFO] Recompiling the module because of changed source code.
[INFO] Compiling 5 source files with javac [debug parameters release 21] to target\classes
[INFO] -------------------------------------------------------------
[ERROR] COMPILATION ERROR : 
[INFO] -------------------------------------------------------------
[ERROR] /E:/CoAgent4U/integration/messaging-module/src/main/java/com/coagent4u/messaging/SlackInteractionHandler.java:[435,13] cannot find symbol
  symbol:   class AgentId
  location: class com.coagent4u.messaging.SlackInteractionHandler
[ERROR] /E:/CoAgent4U/integration/messaging-module/src/main/java/com/coagent4u/messaging/SlackInteractionHandler.java:[435,42] cannot find symbol
  symbol:   class AgentId
  location: class com.coagent4u.messaging.SlackInteractionHandler
[INFO] 2 errors 
[INFO] -------------------------------------------------------------
[INFO] ------------------------------------------------------------------------
[INFO] BUILD FAILURE
[INFO] ------------------------------------------------------------------------
[INFO] Total time:  3.200 s
[INFO] Finished at: 2026-03-13T03:29:48+05:30
[INFO] ------------------------------------------------------------------------
[ERROR] Failed to execute goal org.apache.maven.plugins:maven-compiler-plugin:3.13.0:compile (default-compile) on project messaging-module: Compilation failure: Compilation failure: 
[ERROR] /E:/CoAgent4U/integration/messaging-module/src/main/java/com/coagent4u/messaging/SlackInteractionHandler.java:[435,13] cannot find symbol
[ERROR]   symbol:   class AgentId
[ERROR]   location: class com.coagent4u.messaging.SlackInteractionHandler
[ERROR] /E:/CoAgent4U/integration/messaging-module/src/main/java/com/coagent4u/messaging/SlackInteractionHandler.java:[435,42] cannot find symbol
[ERROR]   symbol:   class AgentId
[ERROR]   location: class com.coagent4u.messaging.SlackInteractionHandler
[ERROR] -> [Help 1]
[ERROR] 
[ERROR] To see the full stack trace of the errors, re-run Maven with the -e switch.
[ERROR] Re-run Maven using the -X switch to enable full debug logging.
[ERROR] 
[ERROR] For more information about the errors and possible solutions, please read the following articles:
[ERROR] [Help 1] http://cwiki.apache.org/confluence/display/MAVEN/MojoFailureException
