[INFO] Scanning for projects...
[INFO] ------------------------------------------------------------------------
[INFO] Reactor Build Order:
[INFO] 
[INFO] CoAgent4U :: Integration :: Messaging Module                       [jar]
[INFO] CoAgent4U :: Integration :: LLM Module                             [jar]
[INFO] CoAgent4U :: Infrastructure :: Persistence                         [jar]
[INFO] CoAgent4U :: Infrastructure :: Monitoring                          [jar]
[INFO] CoAgent4U :: Application                                           [jar]
[INFO] 
[INFO] -------------------< com.coagent4u:messaging-module >-------------------
[INFO] Building CoAgent4U :: Integration :: Messaging Module 0.1.0-SNAPSHOT [1/5]
[INFO]   from pom.xml
[INFO] --------------------------------[ jar ]---------------------------------
[INFO] 
[INFO] --- enforcer:3.5.0:enforce (enforce-versions) @ messaging-module ---
[INFO] Rule 0: org.apache.maven.enforcer.rules.version.RequireMavenVersion passed
[INFO] Rule 1: org.apache.maven.enforcer.rules.version.RequireJavaVersion passed
[INFO] 
[INFO] --- resources:3.3.1:resources (default-resources) @ messaging-module ---
[INFO] skip non existing resourceDirectory E:\CoAgent4U\integration\messaging-module\src\main\resources
[INFO] skip non existing resourceDirectory E:\CoAgent4U\integration\messaging-module\src\main\resources
[INFO] 
[INFO] --- compiler:3.13.0:compile (default-compile) @ messaging-module ---
[INFO] Recompiling the module because of changed source code.
[INFO] Compiling 5 source files with javac [debug parameters release 21] to target\classes
[INFO] -------------------------------------------------------------
[ERROR] COMPILATION ERROR : 
[INFO] -------------------------------------------------------------
[ERROR] /E:/CoAgent4U/integration/messaging-module/src/main/java/com/coagent4u/messaging/SlackNotificationAdapter.java:[37,8] com.coagent4u.messaging.SlackNotificationAdapter is not abstract and does not override abstract method deleteMessage(com.coagent4u.shared.SlackUserId,java.lang.String) in com.coagent4u.user.port.out.NotificationPort
[ERROR] /E:/CoAgent4U/integration/messaging-module/src/main/java/com/coagent4u/messaging/SlackNotificationAdapter.java:[140,5] method does not override or implement a method from a supertype
[INFO] 2 errors 
[INFO] -------------------------------------------------------------
[INFO] ------------------------------------------------------------------------
[INFO] Reactor Summary for CoAgent4U :: Integration :: Messaging Module 0.1.0-SNAPSHOT:
[INFO] 
[INFO] CoAgent4U :: Integration :: Messaging Module ....... FAILURE [  6.330 s]
[INFO] CoAgent4U :: Integration :: LLM Module ............. SKIPPED
[INFO] CoAgent4U :: Infrastructure :: Persistence ......... SKIPPED
[INFO] CoAgent4U :: Infrastructure :: Monitoring .......... SKIPPED
[INFO] CoAgent4U :: Application ........................... SKIPPED
[INFO] ------------------------------------------------------------------------
[INFO] BUILD FAILURE
[INFO] ------------------------------------------------------------------------
[INFO] Total time:  7.446 s
[INFO] Finished at: 2026-03-14T12:48:49+05:30
[INFO] ------------------------------------------------------------------------
[ERROR] Failed to execute goal org.apache.maven.plugins:maven-compiler-plugin:3.13.0:compile (default-compile) on project messaging-module: Compilation failure: Compilation failure: 
[ERROR] /E:/CoAgent4U/integration/messaging-module/src/main/java/com/coagent4u/messaging/SlackNotificationAdapter.java:[37,8] com.coagent4u.messaging.SlackNotificationAdapter is not abstract and does not override abstract method deleteMessage(com.coagent4u.shared.SlackUserId,java.lang.String) in com.coagent4u.user.port.out.NotificationPort
[ERROR] /E:/CoAgent4U/integration/messaging-module/src/main/java/com/coagent4u/messaging/SlackNotificationAdapter.java:[140,5] method does not override or implement a method from a supertype
[ERROR] -> [Help 1]
[ERROR] 
[ERROR] To see the full stack trace of the errors, re-run Maven with the -e switch.
[ERROR] Re-run Maven using the -X switch to enable full debug logging.
[ERROR] 
[ERROR] For more information about the errors and possible solutions, please read the following articles:
[ERROR] [Help 1] http://cwiki.apache.org/confluence/display/MAVEN/MojoFailureException
