[INFO] Scanning for projects...
[INFO] ------------------------------------------------------------------------
[INFO] Reactor Build Order:
[INFO] 
[INFO] CoAgent4U :: Parent                                                [pom]
[INFO] CoAgent4U :: Shared Kernel                                         [jar]
[INFO] CoAgent4U :: Common Domain                                         [jar]
[INFO] CoAgent4U :: Core :: User Module                                   [jar]
[INFO] CoAgent4U :: Core :: Coordination Module                           [jar]
[INFO] CoAgent4U :: Core :: Approval Module                               [jar]
[INFO] CoAgent4U :: Core :: Agent Module                                  [jar]
[INFO] CoAgent4U :: Infrastructure :: Persistence                         [jar]
[INFO] CoAgent4U :: Infrastructure :: Monitoring                          [jar]
[INFO] 
[INFO] -------------------< com.coagent4u:coagent4u-parent >-------------------
[INFO] Building CoAgent4U :: Parent 0.1.0-SNAPSHOT                        [1/9]
[INFO]   from pom.xml
[INFO] --------------------------------[ pom ]---------------------------------
[INFO] 
[INFO] --- clean:3.4.1:clean (default-clean) @ coagent4u-parent ---
[INFO] 
[INFO] --- enforcer:3.5.0:enforce (enforce-versions) @ coagent4u-parent ---
[INFO] Rule 0: org.apache.maven.enforcer.rules.version.RequireMavenVersion passed
[INFO] Rule 1: org.apache.maven.enforcer.rules.version.RequireJavaVersion passed
[INFO] 
[INFO] --------------------< com.coagent4u:shared-kernel >---------------------
[INFO] Building CoAgent4U :: Shared Kernel 0.1.0-SNAPSHOT                 [2/9]
[INFO]   from shared-kernel\pom.xml
[INFO] --------------------------------[ jar ]---------------------------------
[INFO] 
[INFO] --- clean:3.4.1:clean (default-clean) @ shared-kernel ---
[INFO] Deleting E:\CoAgent4U\shared-kernel\target
[INFO] 
[INFO] --- enforcer:3.5.0:enforce (enforce-versions) @ shared-kernel ---
[INFO] 
[INFO] --- resources:3.3.1:resources (default-resources) @ shared-kernel ---
[INFO] skip non existing resourceDirectory E:\CoAgent4U\shared-kernel\src\main\resources
[INFO] skip non existing resourceDirectory E:\CoAgent4U\shared-kernel\src\main\resources
[INFO] 
[INFO] --- compiler:3.13.0:compile (default-compile) @ shared-kernel ---
[INFO] Recompiling the module because of changed source code.
[INFO] Compiling 15 source files with javac [debug parameters release 21] to target\classes
[INFO] 
[INFO] --------------------< com.coagent4u:common-domain >---------------------
[INFO] Building CoAgent4U :: Common Domain 0.1.0-SNAPSHOT                 [3/9]
[INFO]   from common-domain\pom.xml
[INFO] --------------------------------[ jar ]---------------------------------
[INFO] 
[INFO] --- clean:3.4.1:clean (default-clean) @ common-domain ---
[INFO] Deleting E:\CoAgent4U\common-domain\target
[INFO] 
[INFO] --- enforcer:3.5.0:enforce (enforce-versions) @ common-domain ---
[INFO] 
[INFO] --- resources:3.3.1:resources (default-resources) @ common-domain ---
[INFO] skip non existing resourceDirectory E:\CoAgent4U\common-domain\src\main\resources
[INFO] skip non existing resourceDirectory E:\CoAgent4U\common-domain\src\main\resources
[INFO] 
[INFO] --- compiler:3.13.0:compile (default-compile) @ common-domain ---
[INFO] Recompiling the module because of changed dependency.
[INFO] Compiling 45 source files with javac [debug parameters release 21] to target\classes
[INFO] 
[INFO] ---------------------< com.coagent4u:user-module >----------------------
[INFO] Building CoAgent4U :: Core :: User Module 0.1.0-SNAPSHOT           [4/9]
[INFO]   from core\user-module\pom.xml
[INFO] --------------------------------[ jar ]---------------------------------
[INFO] 
[INFO] --- clean:3.4.1:clean (default-clean) @ user-module ---
[INFO] Deleting E:\CoAgent4U\core\user-module\target
[INFO] 
[INFO] --- enforcer:3.5.0:enforce (enforce-versions) @ user-module ---
[INFO] 
[INFO] --- resources:3.3.1:resources (default-resources) @ user-module ---
[INFO] skip non existing resourceDirectory E:\CoAgent4U\core\user-module\src\main\resources
[INFO] skip non existing resourceDirectory E:\CoAgent4U\core\user-module\src\main\resources
[INFO] 
[INFO] --- compiler:3.13.0:compile (default-compile) @ user-module ---
[INFO] Recompiling the module because of changed dependency.
[INFO] Compiling 24 source files with javac [debug parameters release 21] to target\classes
[INFO] 
[INFO] -----------------< com.coagent4u:coordination-module >------------------
[INFO] Building CoAgent4U :: Core :: Coordination Module 0.1.0-SNAPSHOT   [5/9]
[INFO]   from core\coordination-module\pom.xml
[INFO] --------------------------------[ jar ]---------------------------------
[INFO] 
[INFO] --- clean:3.4.1:clean (default-clean) @ coordination-module ---
[INFO] Deleting E:\CoAgent4U\core\coordination-module\target
[INFO] 
[INFO] --- enforcer:3.5.0:enforce (enforce-versions) @ coordination-module ---
[INFO] 
[INFO] --- resources:3.3.1:resources (default-resources) @ coordination-module ---
[INFO] skip non existing resourceDirectory E:\CoAgent4U\core\coordination-module\src\main\resources
[INFO] skip non existing resourceDirectory E:\CoAgent4U\core\coordination-module\src\main\resources
[INFO] 
[INFO] --- compiler:3.13.0:compile (default-compile) @ coordination-module ---
[INFO] Recompiling the module because of changed dependency.
[INFO] Compiling 29 source files with javac [debug parameters release 21] to target\classes
[INFO] 
[INFO] -------------------< com.coagent4u:approval-module >--------------------
[INFO] Building CoAgent4U :: Core :: Approval Module 0.1.0-SNAPSHOT       [6/9]
[INFO]   from core\approval-module\pom.xml
[INFO] --------------------------------[ jar ]---------------------------------
[INFO] 
[INFO] --- clean:3.4.1:clean (default-clean) @ approval-module ---
[INFO] Deleting E:\CoAgent4U\core\approval-module\target
[INFO] 
[INFO] --- enforcer:3.5.0:enforce (enforce-versions) @ approval-module ---
[INFO] 
[INFO] --- resources:3.3.1:resources (default-resources) @ approval-module ---
[INFO] skip non existing resourceDirectory E:\CoAgent4U\core\approval-module\src\main\resources
[INFO] skip non existing resourceDirectory E:\CoAgent4U\core\approval-module\src\main\resources
[INFO] 
[INFO] --- compiler:3.13.0:compile (default-compile) @ approval-module ---
[INFO] Recompiling the module because of changed dependency.
[INFO] Compiling 15 source files with javac [debug parameters release 21] to target\classes
[INFO] 
[INFO] ---------------------< com.coagent4u:agent-module >---------------------
[INFO] Building CoAgent4U :: Core :: Agent Module 0.1.0-SNAPSHOT          [7/9]
[INFO]   from core\agent-module\pom.xml
[INFO] --------------------------------[ jar ]---------------------------------
[INFO] 
[INFO] --- clean:3.4.1:clean (default-clean) @ agent-module ---
[INFO] Deleting E:\CoAgent4U\core\agent-module\target
[INFO] 
[INFO] --- enforcer:3.5.0:enforce (enforce-versions) @ agent-module ---
[INFO] 
[INFO] --- resources:3.3.1:resources (default-resources) @ agent-module ---
[INFO] skip non existing resourceDirectory E:\CoAgent4U\core\agent-module\src\main\resources
[INFO] skip non existing resourceDirectory E:\CoAgent4U\core\agent-module\src\main\resources
[INFO] 
[INFO] --- compiler:3.13.0:compile (default-compile) @ agent-module ---
[INFO] Recompiling the module because of changed dependency.
[INFO] Compiling 35 source files with javac [debug parameters release 21] to target\classes
[INFO] 
[INFO] ----------------< com.coagent4u:coagent4u-persistence >-----------------
[INFO] Building CoAgent4U :: Infrastructure :: Persistence 0.1.0-SNAPSHOT [8/9]
[INFO]   from infrastructure\persistence\pom.xml
[INFO] --------------------------------[ jar ]---------------------------------
[INFO] 
[INFO] --- clean:3.4.1:clean (default-clean) @ coagent4u-persistence ---
[INFO] Deleting E:\CoAgent4U\infrastructure\persistence\target
[INFO] 
[INFO] --- enforcer:3.5.0:enforce (enforce-versions) @ coagent4u-persistence ---
[INFO] 
[INFO] --- resources:3.3.1:resources (default-resources) @ coagent4u-persistence ---
[INFO] Copying 0 resource from src\main\resources to target\classes
[INFO] Copying 1 resource from src\main\resources to target\classes
[INFO] 
[INFO] --- compiler:3.13.0:compile (default-compile) @ coagent4u-persistence ---
[INFO] Recompiling the module because of changed dependency.
[INFO] Compiling 29 source files with javac [debug parameters release 21] to target\classes
[INFO] Annotation processing is enabled because one or more processors were found
  on the class path. A future release of javac may disable annotation processing
  unless at least one processor is specified by name (-processor), or a search
  path is specified (--processor-path, --processor-module-path), or annotation
  processing is enabled explicitly (-proc:only, -proc:full).
  Use -Xlint:-options to suppress this message.
  Use -proc:none to disable annotation processing.
[INFO] 
[INFO] -----------------< com.coagent4u:coagent4u-monitoring >-----------------
[INFO] Building CoAgent4U :: Infrastructure :: Monitoring 0.1.0-SNAPSHOT  [9/9]
[INFO]   from infrastructure\monitoring\pom.xml
[INFO] --------------------------------[ jar ]---------------------------------
[INFO] 
[INFO] --- clean:3.4.1:clean (default-clean) @ coagent4u-monitoring ---
[INFO] Deleting E:\CoAgent4U\infrastructure\monitoring\target
[INFO] 
[INFO] --- enforcer:3.5.0:enforce (enforce-versions) @ coagent4u-monitoring ---
[INFO] 
[INFO] --- resources:3.3.1:resources (default-resources) @ coagent4u-monitoring ---
[INFO] skip non existing resourceDirectory E:\CoAgent4U\infrastructure\monitoring\src\main\resources
[INFO] skip non existing resourceDirectory E:\CoAgent4U\infrastructure\monitoring\src\main\resources
[INFO] 
[INFO] --- compiler:3.13.0:compile (default-compile) @ coagent4u-monitoring ---
[INFO] Recompiling the module because of changed dependency.
[INFO] Compiling 7 source files with javac [debug parameters release 21] to target\classes
[INFO] ------------------------------------------------------------------------
[INFO] Reactor Summary for CoAgent4U :: Parent 0.1.0-SNAPSHOT:
[INFO] 
[INFO] CoAgent4U :: Parent ................................ SUCCESS [  0.586 s]
[INFO] CoAgent4U :: Shared Kernel ......................... SUCCESS [  1.429 s]
[INFO] CoAgent4U :: Common Domain ......................... SUCCESS [  0.633 s]
[INFO] CoAgent4U :: Core :: User Module ................... SUCCESS [  0.495 s]
[INFO] CoAgent4U :: Core :: Coordination Module ........... SUCCESS [  0.629 s]
[INFO] CoAgent4U :: Core :: Approval Module ............... SUCCESS [  0.235 s]
[INFO] CoAgent4U :: Core :: Agent Module .................. SUCCESS [  0.654 s]
[INFO] CoAgent4U :: Infrastructure :: Persistence ......... SUCCESS [  2.574 s]
[INFO] CoAgent4U :: Infrastructure :: Monitoring .......... SUCCESS [  0.768 s]
[INFO] ------------------------------------------------------------------------
[INFO] BUILD SUCCESS
[INFO] ------------------------------------------------------------------------
[INFO] Total time:  8.558 s
[INFO] Finished at: 2026-03-16T17:29:22+05:30
[INFO] ------------------------------------------------------------------------
