[INFO] Scanning for projects...
[INFO] 
[INFO] -----------------< com.coagent4u:coordination-module >------------------
[INFO] Building CoAgent4U :: Core :: Coordination Module 0.1.0-SNAPSHOT
[INFO]   from pom.xml
[INFO] --------------------------------[ jar ]---------------------------------
[INFO] 
[INFO] --- enforcer:3.5.0:enforce (enforce-versions) @ coordination-module ---
[INFO] Rule 0: org.apache.maven.enforcer.rules.version.RequireMavenVersion passed
[INFO] Rule 1: org.apache.maven.enforcer.rules.version.RequireJavaVersion passed
[INFO] 
[INFO] --- resources:3.3.1:resources (default-resources) @ coordination-module ---
[INFO] skip non existing resourceDirectory E:\CoAgent4U\core\coordination-module\src\main\resources
[INFO] skip non existing resourceDirectory E:\CoAgent4U\core\coordination-module\src\main\resources
[INFO] 
[INFO] --- compiler:3.13.0:compile (default-compile) @ coordination-module ---
[INFO] Nothing to compile - all classes are up to date.
[INFO] 
[INFO] --- resources:3.3.1:testResources (default-testResources) @ coordination-module ---
[INFO] skip non existing resourceDirectory E:\CoAgent4U\core\coordination-module\src\test\resources
[INFO] 
[INFO] --- compiler:3.13.0:testCompile (default-testCompile) @ coordination-module ---
[INFO] Nothing to compile - all classes are up to date.
[INFO] 
[INFO] --- surefire:3.5.2:test (default-test) @ coordination-module ---
[INFO] Using auto detected provider org.apache.maven.surefire.junitplatform.JUnitPlatformProvider
[INFO] 
[INFO] -------------------------------------------------------
[INFO]  T E S T S
[INFO] -------------------------------------------------------
[INFO] Running com.coagent4u.coordination.application.CoordinationQueryServiceTest
mvn : Mockito is currently self-attaching to enable the inline-mock-maker. This 
will no longer work in future releases of the JDK. Please add Mockito as an agent 
to your build what is described in Mockito's documentation: 
https://javadoc.io/doc/org.mockito/mockito-core/latest/org/mockito/Mockito.html#0.3
At line:1 char:1
+ mvn -pl core/coordination-module test -Dtest=CoordinationQueryService ...
+ ~~~~~~~~~~~~~~~~~~~~~~~~~~~~~~~~~~~~~~~~~~~~~~~~~~~~~~~~~~~~~~~~~~~~~
    + CategoryInfo          : NotSpecified: (Mockito is curr...ockito.html#0.3:Str 
   ing) [], RemoteException
    + FullyQualifiedErrorId : NativeCommandError
 
WARNING: A Java agent has been loaded dynamically (C:\Users\ASUS\.m2\repository\net
\bytebuddy\byte-buddy-agent\1.15.11\byte-buddy-agent-1.15.11.jar)
WARNING: If a serviceability tool is in use, please run with 
-XX:+EnableDynamicAgentLoading to hide this warning
WARNING: If a serviceability tool is not in use, please run with 
-Djdk.instrument.traceUsage for more information
WARNING: Dynamic loading of agents will be disallowed by default in a future 
release
Java HotSpot(TM) 64-Bit Server VM warning: Sharing is only supported for boot 
loader classes because bootstrap classpath has been appended
[ERROR] Tests run: 6, Failures: 1, Errors: 0, Skipped: 0, Time elapsed: 3.501 s <<< FAILURE! -- in com.coagent4u.coordination.application.CoordinationQueryServiceTest
[ERROR] com.coagent4u.coordination.application.CoordinationQueryServiceTest.getDetail_asRequester_returnsDetail -- Time elapsed: 0.055 s <<< FAILURE!
org.opentest4j.AssertionFailedError: expected: <alice> but was: <null>
	at org.junit.jupiter.api.AssertionFailureBuilder.build(AssertionFailureBuilder.java:151)
	at org.junit.jupiter.api.AssertionFailureBuilder.buildAndThrow(AssertionFailureBuilder.java:132)
	at org.junit.jupiter.api.AssertEquals.failNotEqual(AssertEquals.java:197)
	at org.junit.jupiter.api.AssertEquals.assertEquals(AssertEquals.java:182)
	at org.junit.jupiter.api.AssertEquals.assertEquals(AssertEquals.java:177)
	at org.junit.jupiter.api.Assertions.assertEquals(Assertions.java:1145)
	at com.coagent4u.coordination.application.CoordinationQueryServiceTest.getDetail_asRequester_returnsDetail(CoordinationQueryServiceTest.java:114)
	at java.base/java.lang.reflect.Method.invoke(Method.java:580)
	at java.base/java.util.ArrayList.forEach(ArrayList.java:1596)
	at java.base/java.util.ArrayList.forEach(ArrayList.java:1596)

[INFO] 
[INFO] Results:
[INFO] 
[ERROR] Failures: 
[ERROR]   CoordinationQueryServiceTest.getDetail_asRequester_returnsDetail:114 expected: <alice> but was: <null>
[INFO] 
[ERROR] Tests run: 6, Failures: 1, Errors: 0, Skipped: 0
[INFO] 
[INFO] ------------------------------------------------------------------------
[INFO] BUILD FAILURE
[INFO] ------------------------------------------------------------------------
[INFO] Total time:  10.328 s
[INFO] Finished at: 2026-03-19T12:28:47+05:30
[INFO] ------------------------------------------------------------------------
[ERROR] Failed to execute goal org.apache.maven.plugins:maven-surefire-plugin:3.5.2:test (default-test) on project coordination-module: There are test failures.
[ERROR] 
[ERROR] See E:\CoAgent4U\core\coordination-module\target\surefire-reports for the individual test results.
[ERROR] See dump files (if any exist) [date].dump, [date]-jvmRun[N].dump and [date].dumpstream.
[ERROR] -> [Help 1]
[ERROR] 
[ERROR] To see the full stack trace of the errors, re-run Maven with the -e switch.
[ERROR] Re-run Maven using the -X switch to enable full debug logging.
[ERROR] 
[ERROR] For more information about the errors and possible solutions, please read the following articles:
[ERROR] [Help 1] http://cwiki.apache.org/confluence/display/MAVEN/MojoFailureException
